Microsoft Windows [Version 10.0.18363.1139]
(c) 2019 Microsoft Corporation. Alle Rechte vorbehalten.

C:\Users\sb>d:

D:\>cd Avolites_Manuals

D:\Avolites_Manuals>cd TitanManual

D:\Avolites_Manuals\TitanManual>cd website

D:\Avolites_Manuals\TitanManual\website>yarn start
yarn run v1.22.5
warning package.json: No license field
$ concurrently 'npm run sass' 'docusaurus-start'
[0] Der Befehl "'npm" ist entweder falsch geschrieben oder
[0] konnte nicht gefunden werden.
[1] Der Befehl "run" ist entweder falsch geschrieben oder
[1] konnte nicht gefunden werden.
[0] 'npm exited with code 1
[1] run exited with code 1
[2] Der Befehl "sass'" ist entweder falsch geschrieben oder
[2] konnte nicht gefunden werden.
[2] sass' exited with code 1
[3] LiveReload server started on port 35729
[3] [BABEL] Note: The code generator has deoptimised the styling of D:\Avolites_Manuals\TitanManual\website\node_modules\docusaurus\lib\core\metadata.js as it exceeds the max of 500KB.
[3] [BABEL] Note: The code generator has deoptimised the styling of D:\Avolites_Manuals\TitanManual\website\node_modules\docusaurus\lib\core\metadata.js as it exceeds the max of 500KB.
[3] Docusaurus server started on port 3000
[3] [BABEL] Note: The code generator has deoptimised the styling of D:\Avolites_Manuals\TitanManual\website\node_modules\docusaurus\lib\core\metadata.js as it exceeds the max of 500KB.
[3] [BABEL] Note: The code generator has deoptimised the styling of D:\Avolites_Manuals\TitanManual\website\node_modules\docusaurus\lib\core\metadata.js as it exceeds the max of 500KB.
[3] [BABEL] Note: The code generator has deoptimised the styling of D:\Avolites_Manuals\TitanManual\website\node_modules\docusaurus\lib\core\metadata.js as it exceeds the max of 500KB.
[3] [BABEL] Note: The code generator has deoptimised the styling of D:\Avolites_Manuals\TitanManual\website\node_modules\docusaurus\lib\core\metadata.js as it exceeds the max of 500KB.
[3] [BABEL] Note: The code generator has deoptimised the styling of D:\Avolites_Manuals\TitanManual\website\node_modules\docusaurus\lib\core\metadata.js as it exceeds the max of 500KB.
[3] [BABEL] Note: The code generator has deoptimised the styling of D:\Avolites_Manuals\TitanManual\website\node_modules\docusaurus\lib\core\metadata.js as it exceeds the max of 500KB.
[3] [BABEL] Note: The code generator has deoptimised the styling of D:\Avolites_Manuals\TitanManual\website\node_modules\docusaurus\lib\core\metadata.js as it exceeds the max of 500KB.
Batchvorgang abbrechen (J/N)? [3] ^CBatchvorgang abbrechen (J/N)? docusaurus-start exited with code 1
j

D:\Avolites_Manuals\TitanManual\website>yarn start
yarn run v1.22.5
warning package.json: No license field
$ concurrently 'npm run sass' 'docusaurus-start'
[0] Der Befehl "'npm" ist entweder falsch geschrieben oder
[0] konnte nicht gefunden werden.
[1] Der Befehl "run" ist entweder falsch geschrieben oder
[1] konnte nicht gefunden werden.
[0] 'npm exited with code 1
[1] run exited with code 1
[2] Der Befehl "sass'" ist entweder falsch geschrieben oder
[2] konnte nicht gefunden werden.
[2] sass' exited with code 1
[3] LiveReload server started on port 35729
[3] [BABEL] Note: The code generator has deoptimised the styling of D:\Avolites_Manuals\TitanManual\website\node_modules\docusaurus\lib\core\metadata.js as it exceeds the max of 500KB.
[3] [BABEL] Note: The code generator has deoptimised the styling of D:\Avolites_Manuals\TitanManual\website\node_modules\docusaurus\lib\core\metadata.js as it exceeds the max of 500KB.
[3] Docusaurus server started on port 3000
[3] [BABEL] Note: The code generator has deoptimised the styling of D:\Avolites_Manuals\TitanManual\website\node_modules\docusaurus\lib\core\metadata.js as it exceeds the max of 500KB.
[3] [BABEL] Note: The code generator has deoptimised the styling of D:\Avolites_Manuals\TitanManual\website\node_modules\docusaurus\lib\core\metadata.js as it exceeds the max of 500KB.
Batchvorgang abbrechen (J/N)? [3] ^CBatchvorgang abbrechen (J/N)? docusaurus-start exited with code 1

Batchvorgang abbrechen (J/N)? j

D:\Avolites_Manuals\TitanManual\website>yarn start
yarn run v1.22.5
warning package.json: No license field
$ concurrently 'npm run sass' 'docusaurus-start'
[0] Der Befehl "'npm" ist entweder falsch geschrieben oder
[0] konnte nicht gefunden werden.
[1] Der Befehl "run" ist entweder falsch geschrieben oder
[1] konnte nicht gefunden werden.
[0] 'npm exited with code 1
[1] run exited with code 1
[2] Der Befehl "sass'" ist entweder falsch geschrieben oder
[2] konnte nicht gefunden werden.
[2] sass' exited with code 1
[3] LiveReload server started on port 35729
[3] [BABEL] Note: The code generator has deoptimised the styling of D:\Avolites_Manuals\TitanManual\website\node_modules\docusaurus\lib\core\metadata.js as it exceeds the max of 500KB.
[3] [BABEL] Note: The code generator has deoptimised the styling of D:\Avolites_Manuals\TitanManual\website\node_modules\docusaurus\lib\core\metadata.js as it exceeds the max of 500KB.
[3] Docusaurus server started on port 3000
Batchvorgang abbrechen (J/N)? [3] ^CBatchvorgang abbrechen (J/N)? docusaurus-start exited with code 1

Batchvorgang abbrechen (J/N)? j

D:\Avolites_Manuals\TitanManual\website>yarn start
yarn run v1.22.5
warning package.json: No license field
$ concurrently 'npm run sass' 'docusaurus-start'
[0] Der Befehl "'npm" ist entweder falsch geschrieben oder
[0] konnte nicht gefunden werden.
[1] Der Befehl "run" ist entweder falsch geschrieben oder
[1] konnte nicht gefunden werden.
[0] 'npm exited with code 1
[1] run exited with code 1
[2] Der Befehl "sass'" ist entweder falsch geschrieben oder
[2] konnte nicht gefunden werden.
[2] sass' exited with code 1
[3] LiveReload server started on port 35729
[3] [BABEL] Note: The code generator has deoptimised the styling of D:\Avolites_Manuals\TitanManual\website\node_modules\docusaurus\lib\core\metadata.js as it exceeds the max of 500KB.
[3] [BABEL] Note: The code generator has deoptimised the styling of D:\Avolites_Manuals\TitanManual\website\node_modules\docusaurus\lib\core\metadata.js as it exceeds the max of 500KB.
[3] Docusaurus server started on port 3000
Batchvorgang abbrechen (J/N)? [3] ^CBatchvorgang abbrechen (J/N)? docusaurus-start exited with code 1
j

D:\Avolites_Manuals\TitanManual\website>git status
On branch feature/translations
Your branch is up to date with 'origin/feature/translations'.

Changes not staged for commit:
  (use "git add <file>..." to update what will be committed)
  (use "git restore <file>..." to discard changes in working directory)
        modified:   ../.gitignore
        modified:   translated_docs/de/version-14.0/chases/chase-playback.md
        modified:   translated_docs/de/version-14.0/cue-lists.md

no changes added to commit (use "git add" and/or "git commit -a")

D:\Avolites_Manuals\TitanManual\website>git status
On branch feature/translations
Your branch is up to date with 'origin/feature/translations'.

Changes not staged for commit:
  (use "git add <file>..." to update what will be committed)
  (use "git restore <file>..." to discard changes in working directory)
        modified:   ../.gitignore

no changes added to commit (use "git add" and/or "git commit -a")

D:\Avolites_Manuals\TitanManual\website>git reset head --hard
HEAD is now at cc7f551 changes

D:\Avolites_Manuals\TitanManual\website>git status
On branch feature/translations
Your branch is up to date with 'origin/feature/translations'.

Untracked files:
  (use "git add <file>..." to include in what will be committed)
        static/custom.css

nothing added to commit but untracked files present (use "git add" to track)

D:\Avolites_Manuals\TitanManual\website>git checkout master
error: The following untracked working tree files would be overwritten by checkout:
        website/static/custom.css
Please move or remove them before you switch branches.
Aborting

D:\Avolites_Manuals\TitanManual\website>cd static

D:\Avolites_Manuals\TitanManual\website\static>dir
 Datentr√§ger in Laufwerk D: ist Daten
 Volumeseriennummer: 3E7A-64DF

 Verzeichnis von D:\Avolites_Manuals\TitanManual\website\static

09.09.2020  12:31    <DIR>          .
09.09.2020  12:31    <DIR>          ..
07.09.2020  12:33               497 .htaccess
02.10.2020  10:51            78.377 custom.css
07.09.2020  12:33    <DIR>          docs
07.09.2020  12:33    <DIR>          fontawesome
07.09.2020  12:33    <DIR>          img
28.09.2020  08:28           756.559 index-12.0.json
02.10.2020  10:50           786.772 index-13.0.json
02.10.2020  10:50           802.898 index-14.0.json
02.10.2020  10:50           797.927 index-next.json
09.09.2020  12:32    <DIR>          js
               6 Datei(en),      3.223.030 Bytes
               6 Verzeichnis(se), 191.168.806.912 Bytes frei

D:\Avolites_Manuals\TitanManual\website\static>del custom.css

D:\Avolites_Manuals\TitanManual\website\static>cd ..

D:\Avolites_Manuals\TitanManual\website>git status
On branch feature/translations
Your branch is up to date with 'origin/feature/translations'.

nothing to commit, working tree clean

D:\Avolites_Manuals\TitanManual\website>git checkout master
Updating files: 100% (266/266), done.
Switched to branch 'master'
Your branch is up to date with 'origin/master'.

D:\Avolites_Manuals\TitanManual\website>git remotes
git: 'remotes' is not a git command. See 'git --help'.

The most similar command is
        remote

D:\Avolites_Manuals\TitanManual\website>git remote
origin
upstream

D:\Avolites_Manuals\TitanManual\website>git pull upstream
remote: Enumerating objects: 121, done.
remote: Counting objects: 100% (121/121), done.
remote: Compressing objects: 100% (27/27), done.
Receiving objects:  83% (104/125)used 119 (delta 94), pack-reused 4                       (103/125)
Receiving objects: 100% (125/125), 62.55 KiB | 1.30 MiB/s, done.
Resolving deltas: 100% (95/95), completed with 86 local objects.
From https://github.com/AvolitesLtd/TitanManual
 * [new branch]      correction/#110-opening-windows -> upstream/correction/#110-opening-windows
 * [new branch]      correction/#120-duplicate-personality-section -> upstream/correction/#120-duplicate-personality-section
 * [new branch]      correction/#130-external-triggering -> upstream/correction/#130-external-triggering
 * [new branch]      correction/#132-code-block-formatting -> upstream/correction/#132-code-block-formatting
 * [new branch]      correction/#139-tiger-touch-II -> upstream/correction/#139-tiger-touch-II
 * [new branch]      correction/#149-fire-dont-fire-nested-palettes -> upstream/correction/#149-fire-dont-fire-nested-palettes
 * [new branch]      correction/#151-DMX-settings -> upstream/correction/#151-DMX-settings
 * [new branch]      correction/#152-monitor-connection -> upstream/correction/#152-monitor-connection
 * [new branch]      correction/#156-mobile-wing -> upstream/correction/#156-mobile-wing
 * [new branch]      correction/#157-to-#160-various-small-corrections -> upstream/correction/#157-to-#160-various-small-corrections
 * [new branch]      correction/#168-#179-various-small-corrections -> upstream/correction/#168-#179-various-small-corrections
 * [new branch]      correction/#185-programmer -> upstream/correction/#185-programmer
 * [new branch]      correction/#186-avo-button -> upstream/correction/#186-avo-button
 * [new branch]      correction/#190-fader-activation-point -> upstream/correction/#190-fader-activation-point
 * [new branch]      correction/#231-user-settings-clear-tab -> upstream/correction/#231-user-settings-clear-tab
 * [new branch]      correction/#95-copy-move-buttons -> upstream/correction/#95-copy-move-buttons
 * [new branch]      correction/#96-fixture-overlap -> upstream/correction/#96-fixture-overlap
 * [new branch]      correction/info-box-formatting -> upstream/correction/info-box-formatting
 * [new branch]      enhancement/change-user-settings-to-table-layout -> upstream/enhancement/change-user-settings-to-table-layout
   fe42fc0..57d18e3  feature/#52-downloads -> upstream/feature/#52-downloads
   45bee9e..f4637f6  master                -> upstream/master
 * [new tag]         1.0.16                -> 1.0.16
 * [new tag]         1.0.17                -> 1.0.17
 * [new tag]         1.0.18                -> 1.0.18
You asked to pull from the remote 'upstream', but did not specify
a branch. Because this is not the default configured remote
for your current branch, you must specify a branch on the command line.

D:\Avolites_Manuals\TitanManual\website>git pull upstream master
From https://github.com/AvolitesLtd/TitanManual
 * branch            master     -> FETCH_HEAD
Updating files: 100% (314/314), done.
Updating a5279e4..f4637f6
Fast-forward
 .github/workflows/deploy.yml                       |   85 +-
 CONTRIBUTING.md                                    |   36 +
 README.md                                          |   24 +-
 docs/about-the-consoles/arena.md                   |    2 +-
 docs/about-the-consoles/fader-wings.md             |    3 +-
 docs/about-the-consoles/quartz.md                  |    6 +-
 docs/about-the-consoles/sapphire-touch.md          |    2 +-
 docs/about-the-consoles/t1-and-t2.md               |   15 +-
 docs/about-the-consoles/tiger-touch.md             |    2 +-
 docs/about-the-consoles/titan-mobile.md            |   10 +-
 docs/capture-visualiser/capture-show-files.md      |   22 +-
 docs/capture-visualiser/setting-up-the-rig.md      |    4 +-
 docs/chases/chase-playback.md                      |   35 +-
 docs/chases/chase-timing.md                        |   31 +-
 docs/chases/copying-moving-linking-and-deleting.md |    8 +-
 docs/chases/editing-a-chase.md                     |    2 +-
 docs/controlling-fixtures/advanced-options.md      |    2 +-
 docs/controlling-fixtures/fixture-groups.md        |    5 +
 .../using-the-select-buttons-and-wheels.md         |  185 +-
 .../viewing-and-editing-fixture-values.md          |   12 +-
 .../copying-moving-linking-and-deleting.md         |   48 +-
 docs/cue-lists/creating-a-cue-list.md              |   12 +-
 docs/cue-lists/cue-list-options.md                 |   12 +-
 docs/cue-lists/cue-list-playback.md                |   20 +-
 docs/cue-lists/cue-list-timing.md                  |   77 +-
 docs/cue-lists/editing-cue-lists.md                |  120 +-
 docs/cue-lists/theatre-programming.md              |  281 +-
 docs/cues/copying-moving-linking-and-deleting.md   |   43 +-
 docs/cues/creating-a-cue.md                        |   53 +-
 docs/cues/cue-playback.md                          |   53 +-
 docs/cues/cue-timing.md                            |   53 +-
 docs/cues/editing-cues.md                          |   42 +-
 docs/cues/playback-groups.md                       |    7 +-
 docs/cues/playback-options.md                      |   23 +-
 docs/effects.md                                    |    2 +-
 docs/effects/editing-shapes-and-effects.md         |    6 +-
 docs/effects/key-frame-shapes.md                   |   10 +-
 docs/effects/pixel-mapper-examples.md              |    6 +-
 docs/effects/pixel-mapper.md                       |   13 +-
 docs/effects/shape-generator.md                    |   20 +-
 docs/fixture-personalities.md                      |   31 +-
 docs/glossary.md                                   |   11 +-
 docs/networking.md                                 |    3 +-
 docs/networking/a-quick-guide-to-ip-addressing.md  |    8 +-
 .../connecting-the-arena-to-a-network.md           |    8 +-
 .../controlling-fixtures-over-a-network.md         |  182 +-
 docs/networking/using-active-fixtures.md           |    6 +-
 .../copying-moving-and-deleting-palettes.md        |   14 +-
 docs/palettes/creating-palettes.md                 |   50 +-
 docs/palettes/editing-palettes.md                  |   13 +-
 docs/palettes/timing-with-palettes.md              |   37 +-
 docs/palettes/using-palettes.md                    |    4 +-
 docs/patching.md                                   |    6 +-
 docs/patching/changing-the-patch.md                |   56 +-
 .../copying-moving-and-deleting-fixtures.md        |   20 +-
 docs/patching/fixture-personalities.md             |  162 -
 docs/patching/fixture-personality-options.md       |   63 +-
 docs/patching/patching-new-fixtures-or-dimmers.md  |   22 +-
 docs/quick-start/controlling-fixtures.md           |    8 +-
 docs/quick-start/dmx-network-setup.md              |   12 +-
 docs/quick-start/programming-cues-and-chases.md    |   10 +-
 docs/remote-control.md                             |    2 +-
 docs/remote-control/operating-the-remote.md        |   16 +-
 docs/remote-control/setting-up-the-remote.md       |   11 +-
 docs/running-the-show.md                           |    2 +-
 .../linking-consoles-for-multi-user-or-backup.md   |   19 +-
 .../linking-pioneerdj-system-to-titan.md           |  121 +-
 .../midi-dmx-or-audio-triggering.md                |   83 +-
 docs/running-the-show/organising-the-console.md    |    4 +-
 docs/running-the-show/playback-controls.md         |   61 +-
 docs/running-the-show/set-list-window.md           |   33 +-
 .../using-multiple-on-screen-workspaces.md         |   18 +-
 docs/synergy/operating-synergy.md                  |   33 +-
 docs/synergy/setting-up.md                         |   14 +-
 docs/system-settings/dmx-output-mapping.md         |  105 +-
 docs/system-settings/external-displays.md          |    9 +-
 docs/system-settings/key-profiles.md               |   78 +-
 .../recovering-reinstalling-the-console.md         |    5 +-
 docs/system-settings/the-system-menu.md            |   14 +-
 docs/system-settings/user-settings.md              |   32 +-
 docs/titan-basics.md                               |   32 +-
 docs/titan-basics/clearing-the-console.md          |    4 +-
 docs/titan-basics/front-panel-buttons.md           |   81 +-
 docs/titan-basics/loading-and-saving-shows.md      |    3 +-
 docs/titan-basics/multi-user-operation.md          |   11 +-
 .../other-parts-of-the-touch-screen.md             |    6 +-
 docs/titan-basics/show-library.md                  |    5 +-
 docs/titan-basics/titan-simulator.md               |   13 +-
 docs/titan-basics/workspace-windows.md             |   31 +-
 docs/titan-commands.md                             |   83 +-
 docs/titan-net.md                                  |    2 +-
 docs/titan-net/tnp-slave-mode.md                   |   22 +-
 parse/avoParse.js                                  |   18 +-
 parse/download.js                                  |  128 +
 parse/pdf.js                                       |    2 +-
 website/.spelling                                  |  213 +
 website/package-lock.json                          |  261 +
 website/package.json                               |   10 +-
 website/pages/en/versions.js                       |  168 +-
 website/scss/custom.scss                           |    7 +-
 website/sidebars.json                              |    1 -
 website/static/custom.css                          | 6308 +-------------------
 .../docs/images/Art-Net-Explanation-General.png    |  Bin 0 -> 310542 bytes
 .../images/Art-Net-Explanation-Nodes-to-DMX.png    |  Bin 0 -> 331655 bytes
 .../Automatic-Legends-set-for-Colour-Palettes.png  |  Bin 10793 -> 25827 bytes
 .../images/DMX-Workspace-Window-With-Filters.png   |  Bin 0 -> 50506 bytes
 .../static/docs/images/Dmx-Module-Properties.png   |  Bin 0 -> 12714 bytes
 .../docs/images/Exchange-Mapping-Range-Mapping.png |  Bin 0 -> 110358 bytes
 .../static/docs/images/Palette-Quick-Record.png    |  Bin 0 -> 32140 bytes
 .../static/docs/images/{Titan-One.png => T1.png}   |  Bin
 .../static/docs/images/{Titan-Two.png => T2.png}   |  Bin
 .../images/TNP-Setup-Network-Settings-Screen.png   |  Bin 44413 -> 12767 bytes
 ...Titan-One-2.png => Titan-Go-User-Interface.png} |  Bin
 .../Titan-Remote-Android-App-Control-Selection.png |  Bin 0 -> 24843 bytes
 website/static/download/.gitignore                 |    4 +
 .../version-12.0/about-the-consoles/arena.md       |    2 +-
 .../version-12.0/about-the-consoles/quartz.md      |    6 +-
 .../about-the-consoles/sapphire-touch.md           |    2 +-
 .../version-12.0/about-the-consoles/t1-and-t2.md   |    6 +-
 .../version-12.0/about-the-consoles/tiger-touch.md |    2 +-
 .../about-the-consoles/titan-mobile.md             |    6 +-
 .../version-12.0/chases/chase-playback.md          |   13 +-
 .../version-12.0/chases/chase-timing.md            |    2 +-
 .../version-12.0/chases/editing-a-chase.md         |    2 +-
 .../controlling-fixtures/fixture-groups.md         |    1 +
 .../using-the-select-buttons-and-wheels.md         |   56 +-
 .../copying-moving-linking-and-deleting.md         |    2 +-
 .../version-12.0/cue-lists/creating-a-cue-list.md  |    2 +-
 .../version-12.0/cue-lists/cue-list-playback.md    |    9 +-
 .../version-12.0/cue-lists/cue-list-timing.md      |    6 +-
 .../version-12.0/cue-lists/editing-cue-lists.md    |   12 +-
 website/versioned_docs/version-12.0/cues.md        |    4 +-
 .../version-12.0/cues/creating-a-cue.md            |    4 +-
 .../versioned_docs/version-12.0/cues/cue-timing.md |    4 +-
 .../version-12.0/cues/playback-options.md          |    4 +-
 website/versioned_docs/version-12.0/effects.md     |    2 +-
 .../effects/editing-shapes-and-effects.md          |    4 +-
 .../version-12.0/effects/key-frame-shapes.md       |    8 +-
 .../version-12.0/effects/pixel-mapper-examples.md  |    2 +-
 .../version-12.0/effects/pixel-mapper.md           |    4 +-
 .../version-12.0/effects/shape-generator.md        |    6 +-
 .../version-12.0/fixture-personalities.md          |    2 +-
 .../introduction/controlling-fixtures.md           |    4 +-
 .../introduction/programming-cues-and-chases.md    |    4 +-
 .../connecting-the-arena-to-a-network.md           |    8 +-
 .../controlling-fixtures-over-a-network.md         |    4 +-
 .../version-12.0/palettes/creating-palettes.md     |    2 +-
 .../version-12.0/palettes/editing-palettes.md      |    2 +-
 .../version-12.0/palettes/using-palettes.md        |    4 +-
 .../version-12.0/patching/changing-the-patch.md    |    6 +-
 .../version-12.0/patching/fixture-personalities.md |    2 +-
 .../patching/patching-new-fixtures-or-dimmers.md   |   12 +-
 .../versioned_docs/version-12.0/remote-control.md  |    2 +-
 .../remote-control/operating-the-remote.md         |    2 +-
 .../remote-control/setting-up-the-remote.md        |    6 +-
 .../version-12.0/running-the-show.md               |    2 +-
 .../midi-dmx-or-audio-triggering.md                |    4 +-
 .../running-the-show/playback-controls.md          |    6 +-
 .../running-the-show/set-list-window.md            |    4 +-
 .../version-12.0/synergy/operating-synergy.md      |   14 +-
 .../system-settings/dmx-output-mapping.md          |   22 +-
 .../system-settings/external-displays.md           |    2 +-
 .../versioned_docs/version-12.0/titan-basics.md    |    4 +-
 .../other-parts-of-the-touch-screen.md             |    6 +-
 .../versioned_docs/version-12.0/titan-commands.md  |   30 +-
 .../version-13.0/about-the-consoles/arena.md       |    2 +-
 .../version-13.0/about-the-consoles/quartz.md      |    6 +-
 .../about-the-consoles/sapphire-touch.md           |    2 +-
 .../version-13.0/about-the-consoles/t1-and-t2.md   |    6 +-
 .../version-13.0/about-the-consoles/tiger-touch.md |    2 +-
 .../about-the-consoles/titan-mobile.md             |    6 +-
 .../version-13.0/chases/chase-playback.md          |   13 +-
 .../version-13.0/chases/chase-timing.md            |    2 +-
 .../version-13.0/chases/editing-a-chase.md         |    2 +-
 .../controlling-fixtures/advanced-options.md       |    2 +-
 .../using-the-select-buttons-and-wheels.md         |   56 +-
 .../copying-moving-linking-and-deleting.md         |    2 +-
 .../version-13.0/cue-lists/creating-a-cue-list.md  |    2 +-
 .../version-13.0/cue-lists/cue-list-playback.md    |    9 +-
 .../version-13.0/cue-lists/cue-list-timing.md      |    6 +-
 .../version-13.0/cue-lists/editing-cue-lists.md    |   12 +-
 website/versioned_docs/version-13.0/cues.md        |    4 +-
 .../version-13.0/cues/creating-a-cue.md            |    4 +-
 .../versioned_docs/version-13.0/cues/cue-timing.md |    4 +-
 .../version-13.0/cues/playback-options.md          |    4 +-
 website/versioned_docs/version-13.0/effects.md     |    2 +-
 .../effects/editing-shapes-and-effects.md          |    4 +-
 .../version-13.0/effects/key-frame-shapes.md       |    8 +-
 .../version-13.0/effects/pixel-mapper-examples.md  |    2 +-
 .../version-13.0/effects/pixel-mapper.md           |    4 +-
 .../version-13.0/effects/shape-generator.md        |    6 +-
 .../version-13.0/fixture-personalities.md          |    2 +-
 website/versioned_docs/version-13.0/glossary.md    |   10 +-
 .../introduction/controlling-fixtures.md           |    4 +-
 .../introduction/programming-cues-and-chases.md    |    4 +-
 .../connecting-the-arena-to-a-network.md           |    8 +-
 .../controlling-fixtures-over-a-network.md         |    4 +-
 .../version-13.0/palettes/creating-palettes.md     |    2 +-
 .../version-13.0/palettes/editing-palettes.md      |    2 +-
 .../version-13.0/palettes/using-palettes.md        |    4 +-
 .../version-13.0/patching/changing-the-patch.md    |    6 +-
 .../version-13.0/patching/fixture-personalities.md |    2 +-
 .../patching/patching-new-fixtures-or-dimmers.md   |   12 +-
 .../versioned_docs/version-13.0/remote-control.md  |    2 +-
 .../remote-control/operating-the-remote.md         |    2 +-
 .../remote-control/setting-up-the-remote.md        |    6 +-
 .../version-13.0/running-the-show.md               |    2 +-
 .../linking-pioneerdj-system-to-titan.md           |    6 +-
 .../midi-dmx-or-audio-triggering.md                |    4 +-
 .../running-the-show/playback-controls.md          |    6 +-
 .../running-the-show/set-list-window.md            |    4 +-
 .../version-13.0/synergy/operating-synergy.md      |   14 +-
 .../system-settings/dmx-output-mapping.md          |   22 +-
 .../system-settings/external-displays.md           |    2 +-
 .../versioned_docs/version-13.0/titan-basics.md    |    4 +-
 .../other-parts-of-the-touch-screen.md             |    6 +-
 .../versioned_docs/version-13.0/titan-commands.md  |   30 +-
 .../version-14.0/about-the-consoles/arena.md       |    2 +-
 .../version-14.0/about-the-consoles/fader-wings.md |    3 +-
 .../version-14.0/about-the-consoles/quartz.md      |    6 +-
 .../about-the-consoles/sapphire-touch.md           |    2 +-
 .../version-14.0/about-the-consoles/t1-and-t2.md   |   15 +-
 .../version-14.0/about-the-consoles/tiger-touch.md |    2 +-
 .../about-the-consoles/titan-mobile.md             |   12 +-
 .../capture-visualiser/capture-show-files.md       |   22 +-
 .../capture-visualiser/setting-up-the-rig.md       |    4 +-
 .../version-14.0/chases/chase-options.md           |    2 +-
 .../version-14.0/chases/chase-playback.md          |   35 +-
 .../version-14.0/chases/chase-timing.md            |   33 +-
 .../chases/copying-moving-linking-and-deleting.md  |    8 +-
 .../version-14.0/chases/editing-a-chase.md         |    2 +-
 .../controlling-fixtures/advanced-options.md       |    2 +-
 .../controlling-fixtures/fixture-groups.md         |    5 +
 .../using-the-select-buttons-and-wheels.md         |  203 +-
 .../viewing-and-editing-fixture-values.md          |   12 +-
 website/versioned_docs/version-14.0/cue-lists.md   |    4 +-
 .../copying-moving-linking-and-deleting.md         |   48 +-
 .../version-14.0/cue-lists/creating-a-cue-list.md  |   12 +-
 .../version-14.0/cue-lists/cue-list-options.md     |   12 +-
 .../version-14.0/cue-lists/cue-list-playback.md    |   23 +-
 .../version-14.0/cue-lists/cue-list-timing.md      |   77 +-
 .../version-14.0/cue-lists/editing-cue-lists.md    |  120 +-
 .../version-14.0/cue-lists/theatre-programming.md  |  281 +-
 .../cues/copying-moving-linking-and-deleting.md    |   43 +-
 .../version-14.0/cues/creating-a-cue.md            |   53 +-
 .../cues/{using-a-cue.md => cue-playback.md}       |   67 +-
 .../versioned_docs/version-14.0/cues/cue-timing.md |   53 +-
 .../version-14.0/cues/editing-cues.md              |   42 +-
 .../version-14.0/cues/playback-groups.md           |    7 +-
 .../version-14.0/cues/playback-options.md          |   23 +-
 website/versioned_docs/version-14.0/effects.md     |    2 +-
 .../effects/editing-shapes-and-effects.md          |    6 +-
 .../version-14.0/effects/key-frame-shapes.md       |   10 +-
 .../version-14.0/effects/pixel-mapper-examples.md  |    6 +-
 .../version-14.0/effects/pixel-mapper.md           |   13 +-
 .../version-14.0/effects/shape-generator.md        |   20 +-
 .../version-14.0/fixture-personalities.md          |   31 +-
 website/versioned_docs/version-14.0/glossary.md    |   15 +-
 website/versioned_docs/version-14.0/networking.md  |    3 +-
 .../networking/a-quick-guide-to-ip-addressing.md   |    8 +-
 .../connecting-the-arena-to-a-network.md           |    8 +-
 .../controlling-fixtures-over-a-network.md         |  184 +-
 .../networking/using-active-fixtures.md            |    6 +-
 website/versioned_docs/version-14.0/palettes.md    |    5 +-
 .../copying-moving-and-deleting-palettes.md        |   14 +-
 .../version-14.0/palettes/creating-palettes.md     |   50 +-
 .../version-14.0/palettes/editing-palettes.md      |   13 +-
 .../version-14.0/palettes/timing-with-palettes.md  |   37 +-
 .../version-14.0/palettes/using-palettes.md        |    4 +-
 website/versioned_docs/version-14.0/patching.md    |    6 +-
 .../version-14.0/patching/changing-the-patch.md    |   57 +-
 .../copying-moving-and-deleting-fixtures.md        |   20 +-
 .../version-14.0/patching/fixture-personalities.md |  163 -
 .../patching/fixture-personality-options.md        |   63 +-
 .../patching/patching-new-fixtures-or-dimmers.md   |   23 +-
 .../quick-start/controlling-fixtures.md            |    8 +-
 .../version-14.0/quick-start/dmx-network-setup.md  |   12 +-
 .../quick-start/programming-cues-and-chases.md     |   10 +-
 .../versioned_docs/version-14.0/remote-control.md  |    2 +-
 .../remote-control/operating-the-remote.md         |   16 +-
 .../remote-control/setting-up-the-remote.md        |   11 +-
 .../version-14.0/running-the-show.md               |    2 +-
 .../linking-consoles-for-multi-user-or-backup.md   |   19 +-
 .../linking-pioneerdj-system-to-titan.md           |  121 +-
 .../midi-dmx-or-audio-triggering.md                |   83 +-
 .../running-the-show/organising-the-console.md     |    4 +-
 .../running-the-show/playback-controls.md          |   63 +-
 .../running-the-show/set-list-window.md            |   33 +-
 .../using-multiple-on-screen-workspaces.md         |   18 +-
 .../version-14.0/synergy/operating-synergy.md      |   33 +-
 .../version-14.0/synergy/setting-up.md             |   14 +-
 .../system-settings/dmx-output-mapping.md          |  105 +-
 .../system-settings/external-displays.md           |    9 +-
 .../version-14.0/system-settings/key-profiles.md   |   78 +-
 .../recovering-reinstalling-the-console.md         |    5 +-
 .../system-settings/the-system-menu.md             |   14 +-
 .../version-14.0/system-settings/user-settings.md  |   32 +-
 .../versioned_docs/version-14.0/titan-basics.md    |   32 +-
 .../titan-basics/clearing-the-console.md           |    4 +-
 .../titan-basics/front-panel-buttons.md            |   81 +-
 .../titan-basics/loading-and-saving-shows.md       |    3 +-
 .../titan-basics/multi-user-operation.md           |   13 +-
 .../other-parts-of-the-touch-screen.md             |    6 +-
 .../version-14.0/titan-basics/show-library.md      |    5 +-
 .../version-14.0/titan-basics/titan-simulator.md   |   13 +-
 .../version-14.0/titan-basics/workspace-windows.md |   37 +-
 .../versioned_docs/version-14.0/titan-commands.md  |   83 +-
 website/versioned_docs/version-14.0/titan-net.md   |    2 +-
 .../version-14.0/titan-net/tnp-slave-mode.md       |   22 +-
 .../versioned_sidebars/version-14.0-sidebars.json  |   13 +-
 310 files changed, 4039 insertions(+), 9827 deletions(-)
 create mode 100644 CONTRIBUTING.md
 delete mode 100644 docs/patching/fixture-personalities.md
 create mode 100644 parse/download.js
 create mode 100644 website/.spelling
 create mode 100644 website/static/docs/images/Art-Net-Explanation-General.png
 create mode 100644 website/static/docs/images/Art-Net-Explanation-Nodes-to-DMX.png
 create mode 100644 website/static/docs/images/DMX-Workspace-Window-With-Filters.png
 create mode 100644 website/static/docs/images/Dmx-Module-Properties.png
 create mode 100644 website/static/docs/images/Exchange-Mapping-Range-Mapping.png
 create mode 100644 website/static/docs/images/Palette-Quick-Record.png
 rename website/static/docs/images/{Titan-One.png => T1.png} (100%)
 rename website/static/docs/images/{Titan-Two.png => T2.png} (100%)
 rename website/static/docs/images/{Titan-One-2.png => Titan-Go-User-Interface.png} (100%)
 create mode 100644 website/static/docs/images/Titan-Remote-Android-App-Control-Selection.png
 create mode 100644 website/static/download/.gitignore
 rename website/versioned_docs/version-14.0/cues/{using-a-cue.md => cue-playback.md} (83%)
 delete mode 100644 website/versioned_docs/version-14.0/patching/fixture-personalities.md

D:\Avolites_Manuals\TitanManual\website>git checkout feature/translation
error: pathspec 'feature/translation' did not match any file(s) known to git

D:\Avolites_Manuals\TitanManual\website>git checkout feature/translations
Updating files: 100% (552/552), done.
Switched to branch 'feature/translations'
Your branch is up to date with 'origin/feature/translations'.

D:\Avolites_Manuals\TitanManual\website>git merge master
warning: Cannot merge binary files: website/static/docs/images/TNP-Setup-Network-Settings-Screen.png (HEAD vs. master)
Auto-merging website/versioned_sidebars/version-14.0-sidebars.json
Removing website/versioned_docs/version-14.0/patching/fixture-personalities.md
Auto-merging website/static/docs/images/TNP-Setup-Network-Settings-Screen.png
CONFLICT (content): Merge conflict in website/static/docs/images/TNP-Setup-Network-Settings-Screen.png
CONFLICT (modify/delete): website/static/custom.css deleted in HEAD and modified in master. Version master of website/static/custom.css left in tree.
Auto-merging website/siteConfig.js
Auto-merging website/sidebars.json
Removing docs/patching/fixture-personalities.md
Automatic merge failed; fix conflicts and then commit the result.

D:\Avolites_Manuals\TitanManual\website>git merge --abort
Updating files: 100% (314/314), done.

D:\Avolites_Manuals\TitanManual\website>git status
On branch feature/translations
Your branch is up to date with 'origin/feature/translations'.

All conflicts fixed but you are still merging.
  (use "git commit" to conclude merge)

Changes to be committed:
        modified:   ../.github/workflows/deploy.yml
        new file:   ../CONTRIBUTING.md
        modified:   ../README.md
        modified:   ../docs/about-the-consoles/arena.md
        modified:   ../docs/about-the-consoles/fader-wings.md
        modified:   ../docs/about-the-consoles/quartz.md
        modified:   ../docs/about-the-consoles/sapphire-touch.md
        modified:   ../docs/about-the-consoles/t1-and-t2.md
        modified:   ../docs/about-the-consoles/tiger-touch.md
        modified:   ../docs/about-the-consoles/titan-mobile.md
        modified:   ../docs/capture-visualiser/capture-show-files.md
        modified:   ../docs/capture-visualiser/setting-up-the-rig.md
        modified:   ../docs/chases/chase-playback.md
        modified:   ../docs/chases/chase-timing.md
        modified:   ../docs/chases/copying-moving-linking-and-deleting.md
        modified:   ../docs/chases/editing-a-chase.md
        modified:   ../docs/controlling-fixtures/advanced-options.md
        modified:   ../docs/controlling-fixtures/fixture-groups.md
        modified:   ../docs/controlling-fixtures/using-the-select-buttons-and-wheels.md
        modified:   ../docs/controlling-fixtures/viewing-and-editing-fixture-values.md
        modified:   ../docs/cue-lists.md
        modified:   ../docs/cue-lists/copying-moving-linking-and-deleting.md
        modified:   ../docs/cue-lists/creating-a-cue-list.md
        modified:   ../docs/cue-lists/cue-list-options.md
        modified:   ../docs/cue-lists/cue-list-playback.md
        modified:   ../docs/cue-lists/cue-list-timing.md
        modified:   ../docs/cue-lists/editing-cue-lists.md
        modified:   ../docs/cue-lists/theatre-programming.md
        modified:   ../docs/cues/copying-moving-linking-and-deleting.md
        modified:   ../docs/cues/creating-a-cue.md
        renamed:    ../docs/cues/using-a-cue.md -> ../docs/cues/cue-playback.md
        modified:   ../docs/cues/cue-timing.md
        modified:   ../docs/cues/editing-cues.md
        modified:   ../docs/cues/playback-groups.md
        modified:   ../docs/cues/playback-options.md
        modified:   ../docs/effects.md
        modified:   ../docs/effects/editing-shapes-and-effects.md
        modified:   ../docs/effects/key-frame-shapes.md
        modified:   ../docs/effects/pixel-mapper-examples.md
        modified:   ../docs/effects/pixel-mapper.md
        modified:   ../docs/effects/shape-generator.md
        modified:   ../docs/fixture-personalities.md
        modified:   ../docs/glossary.md
        modified:   ../docs/networking.md
        modified:   ../docs/networking/a-quick-guide-to-ip-addressing.md
        modified:   ../docs/networking/connecting-the-arena-to-a-network.md
        modified:   ../docs/networking/controlling-fixtures-over-a-network.md
        modified:   ../docs/networking/using-active-fixtures.md
        modified:   ../docs/palettes.md
        modified:   ../docs/palettes/copying-moving-and-deleting-palettes.md
        modified:   ../docs/palettes/creating-palettes.md
        modified:   ../docs/palettes/editing-palettes.md
        modified:   ../docs/palettes/timing-with-palettes.md
        modified:   ../docs/palettes/using-palettes.md
        modified:   ../docs/patching.md
        modified:   ../docs/patching/changing-the-patch.md
        modified:   ../docs/patching/copying-moving-and-deleting-fixtures.md
        deleted:    ../docs/patching/fixture-personalities.md
        modified:   ../docs/patching/fixture-personality-options.md
        modified:   ../docs/patching/patching-new-fixtures-or-dimmers.md
        modified:   ../docs/quick-start/controlling-fixtures.md
        modified:   ../docs/quick-start/dmx-network-setup.md
        modified:   ../docs/quick-start/programming-cues-and-chases.md
        modified:   ../docs/remote-control.md
        modified:   ../docs/remote-control/operating-the-remote.md
        modified:   ../docs/remote-control/setting-up-the-remote.md
        modified:   ../docs/running-the-show.md
        modified:   ../docs/running-the-show/linking-consoles-for-multi-user-or-backup.md
        modified:   ../docs/running-the-show/linking-pioneerdj-system-to-titan.md
        modified:   ../docs/running-the-show/midi-dmx-or-audio-triggering.md
        modified:   ../docs/running-the-show/organising-the-console.md
        modified:   ../docs/running-the-show/playback-controls.md
        modified:   ../docs/running-the-show/set-list-window.md
        modified:   ../docs/running-the-show/using-multiple-on-screen-workspaces.md
        modified:   ../docs/synergy/operating-synergy.md
        modified:   ../docs/synergy/setting-up.md
        modified:   ../docs/system-settings/dmx-output-mapping.md
        modified:   ../docs/system-settings/external-displays.md
        modified:   ../docs/system-settings/key-profiles.md
        modified:   ../docs/system-settings/recovering-reinstalling-the-console.md
        modified:   ../docs/system-settings/the-system-menu.md
        modified:   ../docs/system-settings/user-settings.md
        modified:   ../docs/titan-basics.md
        modified:   ../docs/titan-basics/clearing-the-console.md
        modified:   ../docs/titan-basics/front-panel-buttons.md
        modified:   ../docs/titan-basics/loading-and-saving-shows.md
        modified:   ../docs/titan-basics/multi-user-operation.md
        modified:   ../docs/titan-basics/other-parts-of-the-touch-screen.md
        modified:   ../docs/titan-basics/show-library.md
        modified:   ../docs/titan-basics/titan-simulator.md
        modified:   ../docs/titan-basics/workspace-windows.md
        modified:   ../docs/titan-commands.md
        modified:   ../docs/titan-net.md
        modified:   ../docs/titan-net/tnp-slave-mode.md
        modified:   ../parse/avoParse.js
        new file:   ../parse/download.js
        modified:   ../parse/pdf.js
        modified:   ../parse/search.js
        new file:   .spelling
        modified:   README.md
        modified:   package-lock.json
        modified:   package.json
        modified:   pages/en/versions.js
        modified:   scss/custom.scss
        modified:   sidebars.json
        modified:   siteConfig.js
        new file:   static/custom.css
        new file:   static/docs/images/Art-Net-Explanation-General.png
        new file:   static/docs/images/Art-Net-Explanation-Nodes-to-DMX.png
        modified:   static/docs/images/Automatic-Legends-set-for-Colour-Palettes.png
        new file:   static/docs/images/Dmx-Module-Properties.png
        deleted:    static/docs/images/Titan-One-2.png
        deleted:    static/docs/images/Titan-One.png
        deleted:    static/docs/images/Titan-Two.png
        new file:   static/download/.gitignore
        modified:   static/js/search.js
        modified:   versioned_docs/version-12.0/about-the-consoles/arena.md
        modified:   versioned_docs/version-12.0/about-the-consoles/quartz.md
        modified:   versioned_docs/version-12.0/about-the-consoles/sapphire-touch.md
        modified:   versioned_docs/version-12.0/about-the-consoles/t1-and-t2.md
        modified:   versioned_docs/version-12.0/about-the-consoles/tiger-touch.md
        modified:   versioned_docs/version-12.0/about-the-consoles/titan-mobile.md
        modified:   versioned_docs/version-12.0/chases/chase-playback.md
        modified:   versioned_docs/version-12.0/chases/chase-timing.md
        modified:   versioned_docs/version-12.0/chases/editing-a-chase.md
        modified:   versioned_docs/version-12.0/controlling-fixtures/fixture-groups.md
        modified:   versioned_docs/version-12.0/controlling-fixtures/using-the-select-buttons-and-wheels.md
        modified:   versioned_docs/version-12.0/cue-lists/copying-moving-linking-and-deleting.md
        modified:   versioned_docs/version-12.0/cue-lists/creating-a-cue-list.md
        modified:   versioned_docs/version-12.0/cue-lists/cue-list-playback.md
        modified:   versioned_docs/version-12.0/cue-lists/cue-list-timing.md
        modified:   versioned_docs/version-12.0/cue-lists/editing-cue-lists.md
        modified:   versioned_docs/version-12.0/cues.md
        modified:   versioned_docs/version-12.0/cues/creating-a-cue.md
        modified:   versioned_docs/version-12.0/cues/cue-timing.md
        modified:   versioned_docs/version-12.0/cues/playback-options.md
        modified:   versioned_docs/version-12.0/effects.md
        modified:   versioned_docs/version-12.0/effects/editing-shapes-and-effects.md
        modified:   versioned_docs/version-12.0/effects/key-frame-shapes.md
        modified:   versioned_docs/version-12.0/effects/pixel-mapper-examples.md
        modified:   versioned_docs/version-12.0/effects/pixel-mapper.md
        modified:   versioned_docs/version-12.0/effects/shape-generator.md
        modified:   versioned_docs/version-12.0/fixture-personalities.md
        modified:   versioned_docs/version-12.0/introduction/controlling-fixtures.md
        modified:   versioned_docs/version-12.0/introduction/programming-cues-and-chases.md
        modified:   versioned_docs/version-12.0/networking/connecting-the-arena-to-a-network.md
        modified:   versioned_docs/version-12.0/networking/controlling-fixtures-over-a-network.md
        modified:   versioned_docs/version-12.0/palettes/creating-palettes.md
        modified:   versioned_docs/version-12.0/palettes/editing-palettes.md
        modified:   versioned_docs/version-12.0/palettes/using-palettes.md
        modified:   versioned_docs/version-12.0/patching/changing-the-patch.md
        modified:   versioned_docs/version-12.0/patching/fixture-personalities.md
        modified:   versioned_docs/version-12.0/patching/patching-new-fixtures-or-dimmers.md
        modified:   versioned_docs/version-12.0/remote-control.md
        modified:   versioned_docs/version-12.0/remote-control/operating-the-remote.md
        modified:   versioned_docs/version-12.0/remote-control/setting-up-the-remote.md
        modified:   versioned_docs/version-12.0/running-the-show.md
        modified:   versioned_docs/version-12.0/running-the-show/midi-dmx-or-audio-triggering.md
        modified:   versioned_docs/version-12.0/running-the-show/playback-controls.md
        modified:   versioned_docs/version-12.0/running-the-show/set-list-window.md
        modified:   versioned_docs/version-12.0/synergy/operating-synergy.md
        modified:   versioned_docs/version-12.0/system-settings/dmx-output-mapping.md
        modified:   versioned_docs/version-12.0/system-settings/external-displays.md
        modified:   versioned_docs/version-12.0/titan-basics.md
        modified:   versioned_docs/version-12.0/titan-basics/other-parts-of-the-touch-screen.md
        modified:   versioned_docs/version-12.0/titan-commands.md
        modified:   versioned_docs/version-13.0/about-the-consoles/arena.md
        modified:   versioned_docs/version-13.0/about-the-consoles/quartz.md
        modified:   versioned_docs/version-13.0/about-the-consoles/sapphire-touch.md
        modified:   versioned_docs/version-13.0/about-the-consoles/t1-and-t2.md
        modified:   versioned_docs/version-13.0/about-the-consoles/tiger-touch.md
        modified:   versioned_docs/version-13.0/about-the-consoles/titan-mobile.md
        modified:   versioned_docs/version-13.0/chases/chase-playback.md
        modified:   versioned_docs/version-13.0/chases/chase-timing.md
        modified:   versioned_docs/version-13.0/chases/editing-a-chase.md
        modified:   versioned_docs/version-13.0/controlling-fixtures/advanced-options.md
        modified:   versioned_docs/version-13.0/controlling-fixtures/using-the-select-buttons-and-wheels.md
        modified:   versioned_docs/version-13.0/cue-lists/copying-moving-linking-and-deleting.md
        modified:   versioned_docs/version-13.0/cue-lists/creating-a-cue-list.md
        modified:   versioned_docs/version-13.0/cue-lists/cue-list-playback.md
        modified:   versioned_docs/version-13.0/cue-lists/cue-list-timing.md
        modified:   versioned_docs/version-13.0/cue-lists/editing-cue-lists.md
        modified:   versioned_docs/version-13.0/cues.md
        modified:   versioned_docs/version-13.0/cues/creating-a-cue.md
        modified:   versioned_docs/version-13.0/cues/cue-timing.md
        modified:   versioned_docs/version-13.0/cues/playback-options.md
        modified:   versioned_docs/version-13.0/effects.md
        modified:   versioned_docs/version-13.0/effects/editing-shapes-and-effects.md
        modified:   versioned_docs/version-13.0/effects/key-frame-shapes.md
        modified:   versioned_docs/version-13.0/effects/pixel-mapper-examples.md
        modified:   versioned_docs/version-13.0/effects/pixel-mapper.md
        modified:   versioned_docs/version-13.0/effects/shape-generator.md
        modified:   versioned_docs/version-13.0/fixture-personalities.md
        modified:   versioned_docs/version-13.0/glossary.md
        modified:   versioned_docs/version-13.0/introduction/controlling-fixtures.md
        modified:   versioned_docs/version-13.0/introduction/programming-cues-and-chases.md
        modified:   versioned_docs/version-13.0/networking/connecting-the-arena-to-a-network.md
        modified:   versioned_docs/version-13.0/networking/controlling-fixtures-over-a-network.md
        modified:   versioned_docs/version-13.0/palettes/creating-palettes.md
        modified:   versioned_docs/version-13.0/palettes/editing-palettes.md
        modified:   versioned_docs/version-13.0/palettes/using-palettes.md
        modified:   versioned_docs/version-13.0/patching/changing-the-patch.md
        modified:   versioned_docs/version-13.0/patching/fixture-personalities.md
        modified:   versioned_docs/version-13.0/patching/patching-new-fixtures-or-dimmers.md
        modified:   versioned_docs/version-13.0/remote-control.md
        modified:   versioned_docs/version-13.0/remote-control/operating-the-remote.md
        modified:   versioned_docs/version-13.0/remote-control/setting-up-the-remote.md
        modified:   versioned_docs/version-13.0/running-the-show.md
        modified:   versioned_docs/version-13.0/running-the-show/linking-pioneerdj-system-to-titan.md
        modified:   versioned_docs/version-13.0/running-the-show/midi-dmx-or-audio-triggering.md
        modified:   versioned_docs/version-13.0/running-the-show/playback-controls.md
        modified:   versioned_docs/version-13.0/running-the-show/set-list-window.md
        modified:   versioned_docs/version-13.0/synergy/operating-synergy.md
        modified:   versioned_docs/version-13.0/system-settings/dmx-output-mapping.md
        modified:   versioned_docs/version-13.0/system-settings/external-displays.md
        modified:   versioned_docs/version-13.0/titan-basics.md
        modified:   versioned_docs/version-13.0/titan-basics/other-parts-of-the-touch-screen.md
        modified:   versioned_docs/version-13.0/titan-commands.md
        modified:   versioned_docs/version-14.0/about-the-consoles/arena.md
        modified:   versioned_docs/version-14.0/about-the-consoles/fader-wings.md
        modified:   versioned_docs/version-14.0/about-the-consoles/quartz.md
        modified:   versioned_docs/version-14.0/about-the-consoles/sapphire-touch.md
        modified:   versioned_docs/version-14.0/about-the-consoles/t1-and-t2.md
        modified:   versioned_docs/version-14.0/about-the-consoles/tiger-touch.md
        modified:   versioned_docs/version-14.0/about-the-consoles/titan-mobile.md
        modified:   versioned_docs/version-14.0/capture-visualiser/capture-show-files.md
        modified:   versioned_docs/version-14.0/capture-visualiser/setting-up-the-rig.md
        modified:   versioned_docs/version-14.0/chases/chase-options.md
        modified:   versioned_docs/version-14.0/chases/chase-playback.md
        modified:   versioned_docs/version-14.0/chases/chase-timing.md
        modified:   versioned_docs/version-14.0/chases/copying-moving-linking-and-deleting.md
        modified:   versioned_docs/version-14.0/chases/editing-a-chase.md
        modified:   versioned_docs/version-14.0/controlling-fixtures/advanced-options.md
        modified:   versioned_docs/version-14.0/controlling-fixtures/fixture-groups.md
        modified:   versioned_docs/version-14.0/controlling-fixtures/using-the-select-buttons-and-wheels.md
        modified:   versioned_docs/version-14.0/controlling-fixtures/viewing-and-editing-fixture-values.md
        modified:   versioned_docs/version-14.0/cue-lists.md
        modified:   versioned_docs/version-14.0/cue-lists/copying-moving-linking-and-deleting.md
        modified:   versioned_docs/version-14.0/cue-lists/creating-a-cue-list.md
        modified:   versioned_docs/version-14.0/cue-lists/cue-list-options.md
        modified:   versioned_docs/version-14.0/cue-lists/cue-list-playback.md
        modified:   versioned_docs/version-14.0/cue-lists/cue-list-timing.md
        modified:   versioned_docs/version-14.0/cue-lists/editing-cue-lists.md
        modified:   versioned_docs/version-14.0/cue-lists/theatre-programming.md
        modified:   versioned_docs/version-14.0/cues/copying-moving-linking-and-deleting.md
        modified:   versioned_docs/version-14.0/cues/creating-a-cue.md
        renamed:    versioned_docs/version-14.0/cues/using-a-cue.md -> versioned_docs/version-14.0/cues/cue-playback.md
        modified:   versioned_docs/version-14.0/cues/cue-timing.md
        modified:   versioned_docs/version-14.0/cues/editing-cues.md
        modified:   versioned_docs/version-14.0/cues/playback-groups.md
        modified:   versioned_docs/version-14.0/cues/playback-options.md
        modified:   versioned_docs/version-14.0/effects.md
        modified:   versioned_docs/version-14.0/effects/editing-shapes-and-effects.md
        modified:   versioned_docs/version-14.0/effects/key-frame-shapes.md
        modified:   versioned_docs/version-14.0/effects/pixel-mapper-examples.md
        modified:   versioned_docs/version-14.0/effects/pixel-mapper.md
        modified:   versioned_docs/version-14.0/effects/shape-generator.md
        modified:   versioned_docs/version-14.0/fixture-personalities.md
        modified:   versioned_docs/version-14.0/glossary.md
        modified:   versioned_docs/version-14.0/networking.md
        modified:   versioned_docs/version-14.0/networking/a-quick-guide-to-ip-addressing.md
        modified:   versioned_docs/version-14.0/networking/connecting-the-arena-to-a-network.md
        modified:   versioned_docs/version-14.0/networking/controlling-fixtures-over-a-network.md
        modified:   versioned_docs/version-14.0/networking/using-active-fixtures.md
        modified:   versioned_docs/version-14.0/palettes.md
        modified:   versioned_docs/version-14.0/palettes/copying-moving-and-deleting-palettes.md
        modified:   versioned_docs/version-14.0/palettes/creating-palettes.md
        modified:   versioned_docs/version-14.0/palettes/editing-palettes.md
        modified:   versioned_docs/version-14.0/palettes/timing-with-palettes.md
        modified:   versioned_docs/version-14.0/palettes/using-palettes.md
        modified:   versioned_docs/version-14.0/patching.md
        modified:   versioned_docs/version-14.0/patching/changing-the-patch.md
        modified:   versioned_docs/version-14.0/patching/copying-moving-and-deleting-fixtures.md
        deleted:    versioned_docs/version-14.0/patching/fixture-personalities.md
        modified:   versioned_docs/version-14.0/patching/fixture-personality-options.md
        modified:   versioned_docs/version-14.0/patching/patching-new-fixtures-or-dimmers.md
        modified:   versioned_docs/version-14.0/quick-start/controlling-fixtures.md
        modified:   versioned_docs/version-14.0/quick-start/dmx-network-setup.md
        modified:   versioned_docs/version-14.0/quick-start/programming-cues-and-chases.md
        modified:   versioned_docs/version-14.0/remote-control.md
        modified:   versioned_docs/version-14.0/remote-control/operating-the-remote.md
        modified:   versioned_docs/version-14.0/remote-control/setting-up-the-remote.md
        modified:   versioned_docs/version-14.0/running-the-show.md
        modified:   versioned_docs/version-14.0/running-the-show/linking-consoles-for-multi-user-or-backup.md
        modified:   versioned_docs/version-14.0/running-the-show/linking-pioneerdj-system-to-titan.md
        modified:   versioned_docs/version-14.0/running-the-show/midi-dmx-or-audio-triggering.md
        modified:   versioned_docs/version-14.0/running-the-show/organising-the-console.md
        modified:   versioned_docs/version-14.0/running-the-show/playback-controls.md
        modified:   versioned_docs/version-14.0/running-the-show/set-list-window.md
        modified:   versioned_docs/version-14.0/running-the-show/using-multiple-on-screen-workspaces.md
        modified:   versioned_docs/version-14.0/synergy/operating-synergy.md
        modified:   versioned_docs/version-14.0/synergy/setting-up.md
        modified:   versioned_docs/version-14.0/system-settings/dmx-output-mapping.md
        modified:   versioned_docs/version-14.0/system-settings/external-displays.md
        modified:   versioned_docs/version-14.0/system-settings/key-profiles.md
        modified:   versioned_docs/version-14.0/system-settings/recovering-reinstalling-the-console.md
        modified:   versioned_docs/version-14.0/system-settings/the-system-menu.md
        modified:   versioned_docs/version-14.0/system-settings/user-settings.md
        modified:   versioned_docs/version-14.0/titan-basics.md
        modified:   versioned_docs/version-14.0/titan-basics/clearing-the-console.md
        modified:   versioned_docs/version-14.0/titan-basics/front-panel-buttons.md
        modified:   versioned_docs/version-14.0/titan-basics/loading-and-saving-shows.md
        modified:   versioned_docs/version-14.0/titan-basics/multi-user-operation.md
        modified:   versioned_docs/version-14.0/titan-basics/other-parts-of-the-touch-screen.md
        modified:   versioned_docs/version-14.0/titan-basics/show-library.md
        modified:   versioned_docs/version-14.0/titan-basics/titan-simulator.md
        modified:   versioned_docs/version-14.0/titan-basics/workspace-windows.md
        modified:   versioned_docs/version-14.0/titan-commands.md
        modified:   versioned_docs/version-14.0/titan-net.md
        modified:   versioned_docs/version-14.0/titan-net/tnp-slave-mode.md
        modified:   versioned_sidebars/version-14.0-sidebars.json


D:\Avolites_Manuals\TitanManual\website>git commit
[feature/translations 8461810] Merge branch 'master' into feature/translations

D:\Avolites_Manuals\TitanManual\website>git log
commit 8461810e9f585144e835b661f4d4bb4828db58f5 (HEAD -> feature/translations)
Merge: cc7f551 f4637f6
Author: Sebastian Beutel <70575174+icke-siegen@users.noreply.github.com>
Date:   Fri Oct 23 13:56:29 2020 +0200

    Merge branch 'master' into feature/translations

commit cc7f551ec71168f48edbb139d05f001938ad991e (origin/feature/translations)
Author: Sebastian Beutel <70575174+icke-siegen@users.noreply.github.com>
Date:   Fri Oct 23 13:45:27 2020 +0200

    changes

commit f4637f610d21980ffcbfcd0ceca3f08fe7ccd164 (upstream/master, master)
Author: Fraser Stockley <captainnana@gmail.com>
Date:   Fri Oct 23 11:41:10 2020 +0100

    Update version 14.0 docs

commit 1761b5ead2a7e06fac4696e557901ee5207de517
Merge: 00e5e5c ac9cc7b
Author: Fraser Stockley <Farrser@users.noreply.github.com>
Date:   Fri Oct 23 10:24:30 2020 +0100

    Merge pull request #260 from icke-siegen/patch-17

    some corrections

commit 89048f119606510781e3e90f6160f460daed5e1c
Author: Sebastian Beutel <70575174+icke-siegen@users.noreply.github.com>
Date:   Thu Oct 22 17:29:54 2020 +0200

    work in progress: merging intermediate changes into the german version

commit ac9cc7b0b68936d8588e2a5b65e4696cb427a714 (origin/patch-17)
Author: Sebastian Beutel <70575174+icke-siegen@users.noreply.github.com>
Date:   Thu Oct 22 14:45:29 2020 +0200

    Update patching-new-fixtures-or-dimmers.md

    This window is named Capture Visualiser.

commit 27ee99c2c873c849c975a8f344f868108a8e90e2
Author: Sebastian Beutel <70575174+icke-siegen@users.noreply.github.com>
Date:   Thu Oct 22 14:35:52 2020 +0200

    Update changing-the-patch.md

    Updated image and description for the DMX View window. Please rename and rewrite if necessary.

commit 58ce1da4ea383dbb2a58b9ed7084896089da6368
Author: Sebastian Beutel <70575174+icke-siegen@users.noreply.github.com>
Date:   Thu Oct 22 14:32:14 2020 +0200

    Add files via upload

    New image for DMX View window with attribute and fixture filters.

commit ac9215573424329b990d61fc99e51a90d7236cf0
Author: Sebastian Beutel <70575174+icke-siegen@users.noreply.github.com>
Date:   Thu Oct 22 14:22:49 2020 +0200

D:\Avolites_Manuals\TitanManual\website>get log
Der Befehl "get" ist entweder falsch geschrieben oder
konnte nicht gefunden werden.

D:\Avolites_Manuals\TitanManual\website>git log
commit 8461810e9f585144e835b661f4d4bb4828db58f5 (HEAD -> feature/translations)
Merge: cc7f551 f4637f6
Author: Sebastian Beutel <70575174+icke-siegen@users.noreply.github.com>
Date:   Fri Oct 23 13:56:29 2020 +0200

    Merge branch 'master' into feature/translations

commit cc7f551ec71168f48edbb139d05f001938ad991e (origin/feature/translations)
Author: Sebastian Beutel <70575174+icke-siegen@users.noreply.github.com>
Date:   Fri Oct 23 13:45:27 2020 +0200

    changes

commit f4637f610d21980ffcbfcd0ceca3f08fe7ccd164 (upstream/master, master)
Author: Fraser Stockley <captainnana@gmail.com>
Date:   Fri Oct 23 11:41:10 2020 +0100

    Update version 14.0 docs

commit 1761b5ead2a7e06fac4696e557901ee5207de517
Merge: 00e5e5c ac9cc7b
Author: Fraser Stockley <Farrser@users.noreply.github.com>
Date:   Fri Oct 23 10:24:30 2020 +0100

    Merge pull request #260 from icke-siegen/patch-17

    some corrections

commit 89048f119606510781e3e90f6160f460daed5e1c
Author: Sebastian Beutel <70575174+icke-siegen@users.noreply.github.com>
Date:   Thu Oct 22 17:29:54 2020 +0200

    work in progress: merging intermediate changes into the german version

commit ac9cc7b0b68936d8588e2a5b65e4696cb427a714 (origin/patch-17)
Author: Sebastian Beutel <70575174+icke-siegen@users.noreply.github.com>
Date:   Thu Oct 22 14:45:29 2020 +0200

    Update patching-new-fixtures-or-dimmers.md

    This window is named Capture Visualiser.

commit 27ee99c2c873c849c975a8f344f868108a8e90e2
Author: Sebastian Beutel <70575174+icke-siegen@users.noreply.github.com>
Date:   Thu Oct 22 14:35:52 2020 +0200

    Update changing-the-patch.md

    Updated image and description for the DMX View window. Please rename and rewrite if necessary.

commit 58ce1da4ea383dbb2a58b9ed7084896089da6368
Author: Sebastian Beutel <70575174+icke-siegen@users.noreply.github.com>
Date:   Thu Oct 22 14:32:14 2020 +0200

    Add files via upload

    New image for DMX View window with attribute and fixture filters.

commit ac9215573424329b990d61fc99e51a90d7236cf0
Author: Sebastian Beutel <70575174+icke-siegen@users.noreply.github.com>
Date:   Thu Oct 22 14:22:49 2020 +0200

D:\Avolites_Manuals\TitanManual\website>git checkout intermediate_renaming
Updating files: 100% (318/318), done.
Switched to branch 'intermediate_renaming'

D:\Avolites_Manuals\TitanManual\website>git merge feature/translations
Removing website/versioned_docs/version-14.0/patching/fixture-personalities.md
Removing website/static/docs/images/Titan-Two.png
Removing website/static/docs/images/Titan-One.png
Removing website/static/docs/images/Titan-One-2.png
Auto-merging website/sidebars.json
CONFLICT (content): Merge conflict in website/sidebars.json
Removing docs/patching/fixture-personalities.md
Automatic merge failed; fix conflicts and then commit the result.

D:\Avolites_Manuals\TitanManual\website>git merge --abort
Updating files: 100% (314/314), done.

D:\Avolites_Manuals\TitanManual\website>yarn start
yarn run v1.22.5
warning package.json: No license field
$ concurrently 'npm run sass' 'docusaurus-start'
[0] Der Befehl "'npm" ist entweder falsch geschrieben oder
[0] konnte nicht gefunden werden.
[1] Der Befehl "run" ist entweder falsch geschrieben oder
[1] konnte nicht gefunden werden.
[0] 'npm exited with code 1
[1] run exited with code 1
[2] Der Befehl "sass'" ist entweder falsch geschrieben oder
[2] konnte nicht gefunden werden.
[2] sass' exited with code 1
[3] LiveReload server started on port 35729
[3] Header field "tags" in D:/Avolites_Manuals/TitanManual/docs/patching/changing-the-patch.md is not supported.
[3] Header field "tags" in D:/Avolites_Manuals/TitanManual/docs/patching/patching-new-fixtures-or-dimmers.md is not supported.
[3] Header field "tags" in D:/Avolites_Manuals/TitanManual/website/versioned_docs/version-14.0/patching/changing-the-patch.md is not supported.
[3] Header field "tags" in D:/Avolites_Manuals/TitanManual/website/versioned_docs/version-14.0/patching/patching-new-fixtures-or-dimmers.md is not supported.
[3] Header field "tags" in D:/Avolites_Manuals/TitanManual/docs/patching/changing-the-patch.md is not supported.
[3] Header field "tags" in D:/Avolites_Manuals/TitanManual/docs/patching/patching-new-fixtures-or-dimmers.md is not supported.
[3] [BABEL] Note: The code generator has deoptimised the styling of D:\Avolites_Manuals\TitanManual\website\node_modules\docusaurus\lib\core\metadata.js as it exceeds the max of 500KB.
[3] Header field "tags" in D:/Avolites_Manuals/TitanManual/docs/patching/changing-the-patch.md is not supported.
[3] Header field "tags" in D:/Avolites_Manuals/TitanManual/docs/patching/patching-new-fixtures-or-dimmers.md is not supported.
[3] [BABEL] Note: The code generator has deoptimised the styling of D:\Avolites_Manuals\TitanManual\website\node_modules\docusaurus\lib\core\metadata.js as it exceeds the max of 500KB.
[3] Header field "tags" in D:/Avolites_Manuals/TitanManual/docs/patching/changing-the-patch.md is not supported.
[3] Header field "tags" in D:/Avolites_Manuals/TitanManual/docs/patching/patching-new-fixtures-or-dimmers.md is not supported.
[3] Header field "tags" in D:/Avolites_Manuals/TitanManual/website/versioned_docs/version-14.0/patching/changing-the-patch.md is not supported.
[3] Header field "tags" in D:/Avolites_Manuals/TitanManual/website/versioned_docs/version-14.0/patching/patching-new-fixtures-or-dimmers.md is not supported.
[3] Docusaurus server started on port 3000
[3] Header field "tags" in D:/Avolites_Manuals/TitanManual/docs/patching/changing-the-patch.md is not supported.
[3] Header field "tags" in D:/Avolites_Manuals/TitanManual/docs/patching/patching-new-fixtures-or-dimmers.md is not supported.
[3] Header field "tags" in D:/Avolites_Manuals/TitanManual/docs/patching/changing-the-patch.md is not supported.
[3] Header field "tags" in D:/Avolites_Manuals/TitanManual/docs/patching/patching-new-fixtures-or-dimmers.md is not supported.
Batchvorgang abbrechen (J/N)? [3] ^CBatchvorgang abbrechen (J/N)? docusaurus-start exited with code 1
j

D:\Avolites_Manuals\TitanManual\website>git checkout feature/translations
Switched to branch 'feature/translations'
M       website/i18n/en.json
Your branch is ahead of 'origin/feature/translations' by 306 commits.
  (use "git push" to publish your local commits)

D:\Avolites_Manuals\TitanManual\website>git push
Total 0 (delta 0), reused 0 (delta 0), pack-reused 0
To https://github.com/icke-siegen/TitanManual
   cc7f551..8461810  feature/translations -> feature/translations

D:\Avolites_Manuals\TitanManual\website>git status
On branch feature/translations
Your branch is up to date with 'origin/feature/translations'.

Changes not staged for commit:
  (use "git add <file>..." to update what will be committed)
  (use "git restore <file>..." to discard changes in working directory)
        modified:   i18n/en.json

Untracked files:
  (use "git add <file>..." to include in what will be committed)
        sidebars.json.bak

no changes added to commit (use "git add" and/or "git commit -a")

D:\Avolites_Manuals\TitanManual\website>del sidebars.json.bak

D:\Avolites_Manuals\TitanManual\website>git reset head --hard
HEAD is now at 8461810 Merge branch 'master' into feature/translations

D:\Avolites_Manuals\TitanManual\website>git status
On branch feature/translations
Your branch is up to date with 'origin/feature/translations'.

nothing to commit, working tree clean

D:\Avolites_Manuals\TitanManual\website>git merge intermediate_renaming
Updating 8461810..67f0eb6
Fast-forward
 website/i18n/de.json                                         | 12 ++++++++----
 website/pages/de/index.js                                    |  2 +-
 .../de/version-14.0/cues/{using-a-cue.md => cue-playback.md} |  8 ++++----
 3 files changed, 13 insertions(+), 9 deletions(-)
 rename website/translated_docs/de/version-14.0/cues/{using-a-cue.md => cue-playback.md} (99%)

D:\Avolites_Manuals\TitanManual\website>git push
Total 0 (delta 0), reused 0 (delta 0), pack-reused 0
To https://github.com/icke-siegen/TitanManual
   8461810..67f0eb6  feature/translations -> feature/translations

D:\Avolites_Manuals\TitanManual\website>yarn start
yarn run v1.22.5
warning package.json: No license field
$ concurrently 'npm run sass' 'docusaurus-start'
[0] Der Befehl "'npm" ist entweder falsch geschrieben oder
[0] konnte nicht gefunden werden.
[0] 'npm exited with code 1
[1] Der Befehl "run" ist entweder falsch geschrieben oder
[1] konnte nicht gefunden werden.
[1] run exited with code 1
[2] Der Befehl "sass'" ist entweder falsch geschrieben oder
[2] konnte nicht gefunden werden.
[2] sass' exited with code 1
[3] LiveReload server started on port 35729
[3] Header field "tags" in D:/Avolites_Manuals/TitanManual/docs/patching/changing-the-patch.md is not supported.
[3] Header field "tags" in D:/Avolites_Manuals/TitanManual/docs/patching/patching-new-fixtures-or-dimmers.md is not supported.
[3] Header field "tags" in D:/Avolites_Manuals/TitanManual/website/versioned_docs/version-14.0/patching/changing-the-patch.md is not supported.
[3] Header field "tags" in D:/Avolites_Manuals/TitanManual/website/versioned_docs/version-14.0/patching/patching-new-fixtures-or-dimmers.md is not supported.
[3] Header field "tags" in D:/Avolites_Manuals/TitanManual/docs/patching/changing-the-patch.md is not supported.
[3] Header field "tags" in D:/Avolites_Manuals/TitanManual/docs/patching/patching-new-fixtures-or-dimmers.md is not supported.
[3] [BABEL] Note: The code generator has deoptimised the styling of D:\Avolites_Manuals\TitanManual\website\node_modules\docusaurus\lib\core\metadata.js as it exceeds the max of 500KB.
[3] Header field "tags" in D:/Avolites_Manuals/TitanManual/docs/patching/changing-the-patch.md is not supported.
[3] Header field "tags" in D:/Avolites_Manuals/TitanManual/docs/patching/patching-new-fixtures-or-dimmers.md is not supported.
[3] [BABEL] Note: The code generator has deoptimised the styling of D:\Avolites_Manuals\TitanManual\website\node_modules\docusaurus\lib\core\metadata.js as it exceeds the max of 500KB.
[3] Header field "tags" in D:/Avolites_Manuals/TitanManual/docs/patching/changing-the-patch.md is not supported.
[3] Header field "tags" in D:/Avolites_Manuals/TitanManual/docs/patching/patching-new-fixtures-or-dimmers.md is not supported.
[3] Header field "tags" in D:/Avolites_Manuals/TitanManual/website/versioned_docs/version-14.0/patching/changing-the-patch.md is not supported.
[3] Header field "tags" in D:/Avolites_Manuals/TitanManual/website/versioned_docs/version-14.0/patching/patching-new-fixtures-or-dimmers.md is not supported.
[3] Docusaurus server started on port 3000
[3] Header field "tags" in D:/Avolites_Manuals/TitanManual/docs/patching/changing-the-patch.md is not supported.
[3] Header field "tags" in D:/Avolites_Manuals/TitanManual/docs/patching/patching-new-fixtures-or-dimmers.md is not supported.
